// Jest Snapshot v1, https://goo.gl/fbAQLP

exports[`renders correctly 1`] = `
<div
  class="speed-test"
>
  <div>
    Text viewer
  </div>
  <div
    class="speed-test__input-bar"
  >
    <input
      data-testid="input-field"
      type="text"
      value=""
    />
    <div>
      Timer
    </div>
  </div>
</div>
`;
